// Jest Snapshot v1, https://goo.gl/fbAQLP

exports[`<ValidatorList  /> should match snapshot 1`] = `
.c0 {
  display: -webkit-box;
  display: -webkit-flex;
  display: -ms-flexbox;
  display: flex;
  box-sizing: border-box;
  max-width: 100%;
  background-color: #FFFFFF;
  color: #444444;
  min-width: 0;
  min-height: 0;
  -webkit-flex-direction: column;
  -ms-flex-direction: column;
  flex-direction: column;
  padding: 24px;
}

.c3 {
  position: relative;
  box-sizing: border-box;
  display: -webkit-box;
  display: -webkit-flex;
  display: -ms-flexbox;
  display: flex;
  -webkit-flex-direction: column;
  -ms-flex-direction: column;
  flex-direction: column;
  width: 100%;
  height: 100%;
  max-width: 100%;
  color: false;
  background-color: false;
}

.c1 {
  position: relative;
  width: 100%;
  border-radius: inherit;
  overflow-x: auto;
  overflow-y: hidden;
  min-height: 0;
}

.c2 {
  position: relative;
  width: 100%;
  display: table;
}

.c4 {
  box-sizing: border-box;
  width: 100%;
  height: 100%;
  display: -webkit-box;
  display: -webkit-flex;
  display: -ms-flexbox;
  display: flex;
  -webkit-align-items: center;
  -webkit-box-align: center;
  -ms-flex-align: center;
  align-items: center;
  -webkit-box-pack: center;
  -webkit-justify-content: center;
  -ms-flex-pack: center;
  justify-content: center;
  color: false;
  background-color: false;
}

@media only screen and (max-width:768px) {
  .c0 {
    padding: 12px;
  }
}

@media screen and (max-width:599px) {

}

@media screen and (max-width:599px) {

}

<div
  class="c0"
>
  common.validators
  <div
    class="c1"
  >
    <div
      class="c2"
    >
      <div
        class="c3 rdt_Table"
        role="table"
      >
        <div
          class="c4"
        >
          <div
            style="padding: 24px;"
          >
            There are no records to display
          </div>
        </div>
      </div>
    </div>
  </div>
</div>
`;
