// Jest Snapshot v1, https://goo.gl/fbAQLP

exports[`<ReclaimEscrowForm /> should match snapshot 1`] = `
.c0 {
  display: -webkit-box;
  display: -webkit-flex;
  display: -ms-flexbox;
  display: flex;
  box-sizing: border-box;
  max-width: 100%;
  min-width: 0;
  min-height: 0;
  -webkit-flex-direction: row;
  -ms-flex-direction: row;
  flex-direction: row;
  padding-top: 12px;
}

.c1 {
  display: -webkit-box;
  display: -webkit-flex;
  display: -ms-flexbox;
  display: flex;
  box-sizing: border-box;
  max-width: 100%;
  min-width: 0;
  min-height: 0;
  -webkit-flex-direction: column;
  -ms-flex-direction: column;
  flex-direction: column;
}

.c2 {
  display: -webkit-box;
  display: -webkit-flex;
  display: -ms-flexbox;
  display: flex;
  box-sizing: border-box;
  max-width: 100%;
  min-width: 0;
  min-height: 0;
  -webkit-flex-direction: column;
  -ms-flex-direction: column;
  flex-direction: column;
  width: 192px;
}

.c3 {
  display: -webkit-box;
  display: -webkit-flex;
  display: -ms-flexbox;
  display: flex;
  box-sizing: border-box;
  max-width: 100%;
  margin-bottom: 12px;
  min-width: 0;
  min-height: 0;
  -webkit-flex-direction: column;
  -ms-flex-direction: column;
  flex-direction: column;
}

.c4 {
  display: -webkit-box;
  display: -webkit-flex;
  display: -ms-flexbox;
  display: flex;
  box-sizing: border-box;
  max-width: 100%;
  background-color: #FFFFFF;
  color: #444444;
  border: solid 1px rgba(0,0,0,0.33);
  min-width: 0;
  min-height: 0;
  -webkit-flex-direction: column;
  -ms-flex-direction: column;
  flex-direction: column;
  border-radius: 6px;
}

.c7 {
  display: -webkit-box;
  display: -webkit-flex;
  display: -ms-flexbox;
  display: flex;
  box-sizing: border-box;
  max-width: 100%;
  -webkit-align-items: flex-end;
  -webkit-box-align: flex-end;
  -ms-flex-align: flex-end;
  align-items: flex-end;
  min-width: 0;
  min-height: 0;
  -webkit-flex-direction: column;
  -ms-flex-direction: column;
  flex-direction: column;
  -webkit-box-pack: end;
  -webkit-justify-content: flex-end;
  -ms-flex-pack: end;
  justify-content: flex-end;
}

.c9 {
  -webkit-flex: 0 0 auto;
  -ms-flex: 0 0 auto;
  flex: 0 0 auto;
  -webkit-align-self: stretch;
  -ms-flex-item-align: stretch;
  align-self: stretch;
  width: 12px;
}

.c8 {
  display: inline-block;
  box-sizing: border-box;
  cursor: pointer;
  font: inherit;
  -webkit-text-decoration: none;
  text-decoration: none;
  margin: 0;
  background: transparent;
  overflow: visible;
  text-transform: none;
  border: 2px solid #7D4CDB;
  border-radius: 18px;
  color: #444444;
  padding: 4px 20px;
  font-size: 14px;
  line-height: 20px;
  -webkit-transition-property: color,background-color,border-color,box-shadow;
  transition-property: color,background-color,border-color,box-shadow;
  -webkit-transition-duration: 0.1s;
  transition-duration: 0.1s;
  -webkit-transition-timing-function: ease-in-out;
  transition-timing-function: ease-in-out;
}

.c8:hover {
  box-shadow: 0px 0px 0px 2px #7D4CDB;
}

.c8:focus {
  outline: none;
  box-shadow: 0 0 2px 2px #6FFFB0;
}

.c8:focus > circle,
.c8:focus > ellipse,
.c8:focus > line,
.c8:focus > path,
.c8:focus > polygon,
.c8:focus > polyline,
.c8:focus > rect {
  outline: none;
  box-shadow: 0 0 2px 2px #6FFFB0;
}

.c8:focus::-moz-focus-inner {
  border: 0;
}

.c8:focus:not(:focus-visible) {
  outline: none;
  box-shadow: none;
}

.c8:focus:not(:focus-visible) > circle,
.c8:focus:not(:focus-visible) > ellipse,
.c8:focus:not(:focus-visible) > line,
.c8:focus:not(:focus-visible) > path,
.c8:focus:not(:focus-visible) > polygon,
.c8:focus:not(:focus-visible) > polyline,
.c8:focus:not(:focus-visible) > rect {
  outline: none;
  box-shadow: none;
}

.c8:focus:not(:focus-visible)::-moz-focus-inner {
  border: 0;
}

.c10 {
  display: inline-block;
  box-sizing: border-box;
  cursor: pointer;
  font: inherit;
  -webkit-text-decoration: none;
  text-decoration: none;
  margin: 0;
  background: transparent;
  overflow: visible;
  text-transform: none;
  border: 2px solid #7D4CDB;
  border-radius: 18px;
  color: #444444;
  padding: 4px 22px;
  font-size: 18px;
  line-height: 24px;
  background-color: #7D4CDB;
  color: #f8f8f8;
  border-radius: 18px;
  -webkit-transition-property: color,background-color,border-color,box-shadow;
  transition-property: color,background-color,border-color,box-shadow;
  -webkit-transition-duration: 0.1s;
  transition-duration: 0.1s;
  -webkit-transition-timing-function: ease-in-out;
  transition-timing-function: ease-in-out;
}

.c10:hover {
  box-shadow: 0px 0px 0px 2px #7D4CDB;
}

.c10:focus {
  outline: none;
  box-shadow: 0 0 2px 2px #6FFFB0;
}

.c10:focus > circle,
.c10:focus > ellipse,
.c10:focus > line,
.c10:focus > path,
.c10:focus > polygon,
.c10:focus > polyline,
.c10:focus > rect {
  outline: none;
  box-shadow: 0 0 2px 2px #6FFFB0;
}

.c10:focus::-moz-focus-inner {
  border: 0;
}

.c10:focus:not(:focus-visible) {
  outline: none;
  box-shadow: none;
}

.c10:focus:not(:focus-visible) > circle,
.c10:focus:not(:focus-visible) > ellipse,
.c10:focus:not(:focus-visible) > line,
.c10:focus:not(:focus-visible) > path,
.c10:focus:not(:focus-visible) > polygon,
.c10:focus:not(:focus-visible) > polyline,
.c10:focus:not(:focus-visible) > rect {
  outline: none;
  box-shadow: none;
}

.c10:focus:not(:focus-visible)::-moz-focus-inner {
  border: 0;
}

.c6 {
  box-sizing: border-box;
  font-size: inherit;
  font-family: inherit;
  border: none;
  -webkit-appearance: none;
  background: transparent;
  color: inherit;
  width: 100%;
  padding: 11px;
  font-weight: 600;
  margin: 0;
  border: 1px solid rgba(0,0,0,0.33);
  border-radius: 4px;
  outline: none;
  border: none;
}

.c6::-webkit-input-placeholder {
  color: #AAAAAA;
}

.c6::-moz-placeholder {
  color: #AAAAAA;
}

.c6:-ms-input-placeholder {
  color: #AAAAAA;
}

.c6::-webkit-search-decoration {
  -webkit-appearance: none;
}

.c6::-moz-focus-inner {
  border: none;
  outline: none;
}

.c6:-moz-placeholder,
.c6::-moz-placeholder {
  opacity: 1;
}

.c5 {
  position: relative;
  width: 100%;
}

@media only screen and (max-width:768px) {
  .c0 {
    padding-top: 6px;
  }
}

@media only screen and (max-width:768px) {
  .c3 {
    margin-bottom: 6px;
  }
}

@media only screen and (max-width:768px) {
  .c4 {
    border: solid 1px rgba(0,0,0,0.33);
  }
}

@media only screen and (max-width:768px) {
  .c4 {
    border-radius: 3px;
  }
}

@media only screen and (max-width:768px) {
  .c9 {
    width: 6px;
  }
}

<form>
  <div
    class="c0"
  >
    <div
      class="c1"
    >
      <div
        class="c2"
      >
        <div
          class="c3 "
        >
          <div
            class="c4 FormField__FormFieldContentBox-sc-m9hood-1"
          >
            <div
              class="c5"
            >
              <input
                autocomplete="off"
                class="c6"
                data-testid="amount-form-field"
                id="amount-id"
                max="0.000001"
                min="0.0001"
                name="amount"
                placeholder="common.amount"
                required=""
                step="any"
                type="number"
                value=""
              />
            </div>
          </div>
        </div>
        <div
          class="c7"
        >
          <button
            class="c8"
            type="button"
          >
            100%
          </button>
        </div>
      </div>
    </div>
    <div
      class="c9"
    />
    <button
      class="c10"
      style="border-radius: 4px; height: 45px;"
      type="submit"
    >
      account.reclaimEscrow.reclaim
    </button>
  </div>
</form>
`;
