// Jest Snapshot v1, https://goo.gl/fbAQLP

exports[`<AccountPage  /> should match snapshot 1`] = `
.c1 {
  display: -webkit-box;
  display: -webkit-flex;
  display: -ms-flexbox;
  display: flex;
  box-sizing: border-box;
  max-width: 100%;
  min-width: 0;
  min-height: 0;
  -webkit-flex-direction: column;
  -ms-flex-direction: column;
  flex-direction: column;
}

.c3 {
  display: -webkit-box;
  display: -webkit-flex;
  display: -ms-flexbox;
  display: flex;
  box-sizing: border-box;
  max-width: 100%;
  background-color: #FFFFFF;
  color: #444444;
  border: solid 1px #EDEDED;
  min-width: 0;
  min-height: 0;
  -webkit-flex-direction: row;
  -ms-flex-direction: row;
  flex-direction: row;
  border-radius: 5px;
}

.c4 {
  display: -webkit-box;
  display: -webkit-flex;
  display: -ms-flexbox;
  display: flex;
  box-sizing: border-box;
  max-width: 100%;
  min-width: 0;
  min-height: 0;
  -webkit-flex-direction: column;
  -ms-flex-direction: column;
  flex-direction: column;
  -webkit-flex: 0 1 auto;
  -ms-flex: 0 1 auto;
  flex: 0 1 auto;
  padding: 12px;
}

.c7 {
  display: -webkit-box;
  display: -webkit-flex;
  display: -ms-flexbox;
  display: flex;
  box-sizing: border-box;
  max-width: 100%;
  min-width: 0;
  min-height: 0;
  -webkit-flex-direction: column;
  -ms-flex-direction: column;
  flex-direction: column;
  -webkit-flex: 1 0 auto;
  -ms-flex: 1 0 auto;
  flex: 1 0 auto;
}

.c8 {
  display: -webkit-box;
  display: -webkit-flex;
  display: -ms-flexbox;
  display: flex;
  box-sizing: border-box;
  max-width: 100%;
  margin: 0px;
  min-width: 0;
  min-height: 0;
  -webkit-flex-direction: column;
  -ms-flex-direction: column;
  flex-direction: column;
}

.c9 {
  display: -webkit-box;
  display: -webkit-flex;
  display: -ms-flexbox;
  display: flex;
  box-sizing: border-box;
  max-width: 100%;
  background-color: #FFFFFF;
  color: #444444;
  border: solid 1px #EDEDED;
  min-width: 0;
  min-height: 0;
  -webkit-flex-direction: column;
  -ms-flex-direction: column;
  flex-direction: column;
  border-radius: 5px;
}

.c10 {
  display: -webkit-box;
  display: -webkit-flex;
  display: -ms-flexbox;
  display: flex;
  box-sizing: border-box;
  max-width: 100%;
  min-width: 0;
  min-height: 0;
  -webkit-flex-direction: column;
  -ms-flex-direction: column;
  flex-direction: column;
  width: 100%;
  height: 100%;
  padding: 24px;
}

.c11 {
  display: -webkit-box;
  display: -webkit-flex;
  display: -ms-flexbox;
  display: flex;
  box-sizing: border-box;
  max-width: 100%;
  margin-bottom: 12px;
  min-width: 0;
  min-height: 0;
  -webkit-flex-direction: column;
  -ms-flex-direction: column;
  flex-direction: column;
}

.c13 {
  display: -webkit-box;
  display: -webkit-flex;
  display: -ms-flexbox;
  display: flex;
  box-sizing: border-box;
  max-width: 100%;
  border-bottom: solid 1px rgba(0,0,0,0.33);
  min-width: 0;
  min-height: 0;
  -webkit-flex-direction: column;
  -ms-flex-direction: column;
  flex-direction: column;
}

.c17 {
  display: -webkit-box;
  display: -webkit-flex;
  display: -ms-flexbox;
  display: flex;
  box-sizing: border-box;
  max-width: 100%;
  margin-top: 24px;
  min-width: 0;
  min-height: 0;
  -webkit-flex-direction: row;
  -ms-flex-direction: row;
  flex-direction: row;
  -webkit-box-pack: justify;
  -webkit-justify-content: space-between;
  -ms-flex-pack: justify;
  justify-content: space-between;
}

.c16 {
  -webkit-flex: 0 0 auto;
  -ms-flex: 0 0 auto;
  flex: 0 0 auto;
  -webkit-align-self: stretch;
  -ms-flex-item-align: stretch;
  align-self: stretch;
  height: 24px;
}

.c18 {
  display: inline-block;
  box-sizing: border-box;
  cursor: pointer;
  font: inherit;
  -webkit-text-decoration: none;
  text-decoration: none;
  margin: 0;
  background: transparent;
  overflow: visible;
  text-transform: none;
  border: 2px solid #7D4CDB;
  border-radius: 18px;
  color: #444444;
  padding: 4px 22px;
  font-size: 18px;
  line-height: 24px;
  background-color: #7D4CDB;
  color: #f8f8f8;
  border-radius: 18px;
  -webkit-transition-property: color,background-color,border-color,box-shadow;
  transition-property: color,background-color,border-color,box-shadow;
  -webkit-transition-duration: 0.1s;
  transition-duration: 0.1s;
  -webkit-transition-timing-function: ease-in-out;
  transition-timing-function: ease-in-out;
}

.c18:hover {
  box-shadow: 0px 0px 0px 2px #7D4CDB;
}

.c18:focus {
  outline: none;
  box-shadow: 0 0 2px 2px #6FFFB0;
}

.c18:focus > circle,
.c18:focus > ellipse,
.c18:focus > line,
.c18:focus > path,
.c18:focus > polygon,
.c18:focus > polyline,
.c18:focus > rect {
  outline: none;
  box-shadow: 0 0 2px 2px #6FFFB0;
}

.c18:focus::-moz-focus-inner {
  border: 0;
}

.c5 {
  margin: 0px;
  font-size: 18px;
  line-height: 24px;
  max-width: 432px;
  font-weight: 600;
}

.c6 {
  margin: 0px;
  font-size: 34px;
  line-height: 40px;
  max-width: 816px;
  font-weight: 600;
}

.c12 {
  margin-left: 12px;
  margin-right: 12px;
  margin-top: 6px;
  margin-bottom: 6px;
  font-size: 18px;
  line-height: 24px;
}

.c2 {
  display: grid;
  box-sizing: border-box;
  grid-template-columns: 3fr 2fr;
  grid-gap: 12px 12px;
  padding: 12px;
}

.c15 {
  box-sizing: border-box;
  font-size: inherit;
  font-family: inherit;
  border: none;
  -webkit-appearance: none;
  background: transparent;
  color: inherit;
  width: 100%;
  padding: 11px;
  font-weight: 600;
  margin: 0;
  border: 1px solid rgba(0,0,0,0.33);
  border-radius: 4px;
  outline: none;
  border: none;
}

.c15::-webkit-input-placeholder {
  color: #AAAAAA;
}

.c15::-moz-placeholder {
  color: #AAAAAA;
}

.c15:-ms-input-placeholder {
  color: #AAAAAA;
}

.c15::-webkit-search-decoration {
  -webkit-appearance: none;
}

.c15::-moz-focus-inner {
  border: none;
  outline: none;
}

.c15:-moz-placeholder,
.c15::-moz-placeholder {
  opacity: 1;
}

.c14 {
  position: relative;
  width: 100%;
}

.c0 {
  font-family: Rubik;
  font-size: 18px;
  line-height: 24px;
  box-sizing: border-box;
  -webkit-text-size-adjust: 100%;
  -ms-text-size-adjust: 100%;
  -moz-osx-font-smoothing: grayscale;
  -webkit-font-smoothing: antialiased;
  width: 100vw;
  height: 100vh;
  overflow: auto;
}

@media only screen and (max-width:768px) {
  .c3 {
    border: solid 1px #EDEDED;
  }
}

@media only screen and (max-width:768px) {
  .c4 {
    padding: 6px;
  }
}

@media only screen and (max-width:768px) {
  .c8 {
    margin: 0px;
  }
}

@media only screen and (max-width:768px) {
  .c9 {
    border: solid 1px #EDEDED;
  }
}

@media only screen and (max-width:768px) {
  .c10 {
    padding: 12px;
  }
}

@media only screen and (max-width:768px) {
  .c11 {
    margin-bottom: 6px;
  }
}

@media only screen and (max-width:768px) {
  .c13 {
    border-bottom: solid 1px rgba(0,0,0,0.33);
  }
}

@media only screen and (max-width:768px) {
  .c17 {
    margin-top: 12px;
  }
}

@media only screen and (max-width:768px) {
  .c16 {
    height: 12px;
  }
}

@media only screen and (max-width:768px) {
  .c5 {
    margin: 0px;
  }
}

@media only screen and (max-width:768px) {
  .c5 {
    font-size: 16px;
    line-height: 22px;
    max-width: 384px;
  }
}

@media only screen and (max-width:768px) {
  .c6 {
    margin: 0px;
  }
}

@media only screen and (max-width:768px) {
  .c6 {
    font-size: 26px;
    line-height: 32px;
    max-width: 624px;
  }
}

@media only screen and (max-width:768px) {
  .c2 {
    padding: 6px;
  }
}

<div
  class="c0"
>
  <div
    class="c1"
  >
    <div
      class="c2"
    >
      <div
        class="c3"
      >
        <div
          class="c4"
        >
          <h4
            class="c5"
          />
          <h2
            class="c6"
          >
            <span>
              0
            </span>
            ROSE
          </h2>
          <h4
            class="c5"
          >
            1 ROSE = $0.1358
          </h4>
        </div>
        <div
          class="c7"
        />
      </div>
      <div
        class="c1"
      />
      <div
        class="c8"
      />
      <div
        class="c9"
      >
        <form>
          <div
            class="c10"
          >
            <div
              class="c11 "
            >
              <label
                class="c12"
                for="recipient-id"
              >
                Recipient
              </label>
              <div
                class="c13 "
              >
                <div
                  class="c14"
                >
                  <input
                    autocomplete="off"
                    class="c15"
                    id="recipient-id"
                    name="recipient"
                    placeholder="Enter an address"
                    required=""
                    value=""
                  />
                </div>
              </div>
            </div>
            <div
              class="c16"
            />
            <div
              class="c11 "
            >
              <label
                class="c12"
                for="amount-id"
              >
                Amount
              </label>
              <div
                class="c13 "
              >
                <div
                  class="c14"
                >
                  <input
                    autocomplete="off"
                    class="c15"
                    id="amount-id"
                    min="0"
                    name="amount"
                    placeholder="0"
                    required=""
                    type="float"
                    value=""
                  />
                </div>
              </div>
            </div>
            <div
              class="c16"
            />
            <div
              class="c17"
            >
              <button
                class="c18"
                style="border-radius: 4px;"
                type="submit"
              >
                Send
              </button>
            </div>
          </div>
        </form>
      </div>
    </div>
  </div>
</div>
`;
