// Jest Snapshot v1, https://goo.gl/fbAQLP

exports[`<CreateWalletPage  /> should match snapshot 1`] = `
.c11 {
  display: inline-block;
  -webkit-flex: 0 0 auto;
  -ms-flex: 0 0 auto;
  flex: 0 0 auto;
  width: 24px;
  height: 24px;
  fill: #f8f8f8;
  stroke: #f8f8f8;
}

.c11 g {
  fill: inherit;
  stroke: inherit;
}

.c11 *:not([stroke])[fill="none"] {
  stroke-width: 0;
}

.c11 *[stroke*="#"],
.c11 *[STROKE*="#"] {
  stroke: inherit;
  fill: none;
}

.c11 *[fill-rule],
.c11 *[FILL-RULE],
.c11 *[fill*="#"],
.c11 *[FILL*="#"] {
  fill: inherit;
  stroke: none;
}

.c1 {
  display: -webkit-box;
  display: -webkit-flex;
  display: -ms-flexbox;
  display: flex;
  box-sizing: border-box;
  max-width: 100%;
  background-color: #FFFFFF;
  color: #444444;
  min-width: 0;
  min-height: 0;
  -webkit-flex-direction: column;
  -ms-flex-direction: column;
  flex-direction: column;
}

.c7 {
  display: -webkit-box;
  display: -webkit-flex;
  display: -ms-flexbox;
  display: flex;
  box-sizing: border-box;
  max-width: 100%;
  margin: 6px;
  background: #33333310;
  min-width: 0;
  min-height: 0;
  -webkit-flex-direction: column;
  -ms-flex-direction: column;
  flex-direction: column;
  padding: 12px;
}

.c8 {
  display: -webkit-box;
  display: -webkit-flex;
  display: -ms-flexbox;
  display: flex;
  box-sizing: border-box;
  max-width: 100%;
  margin-top: 24px;
  min-width: 0;
  min-height: 0;
  -webkit-flex-direction: row;
  -ms-flex-direction: row;
  flex-direction: row;
  -webkit-box-pack: end;
  -webkit-justify-content: flex-end;
  -ms-flex-pack: end;
  justify-content: flex-end;
}

.c10 {
  display: -webkit-box;
  display: -webkit-flex;
  display: -ms-flexbox;
  display: flex;
  box-sizing: border-box;
  max-width: 100%;
  -webkit-align-items: center;
  -webkit-box-align: center;
  -ms-flex-align: center;
  align-items: center;
  min-width: 0;
  min-height: 0;
  -webkit-flex-direction: row;
  -ms-flex-direction: row;
  flex-direction: row;
  -webkit-box-pack: center;
  -webkit-justify-content: center;
  -ms-flex-pack: center;
  justify-content: center;
}

.c13 {
  display: -webkit-box;
  display: -webkit-flex;
  display: -ms-flexbox;
  display: flex;
  box-sizing: border-box;
  max-width: 100%;
  background-color: #FFFFFF;
  color: #444444;
  min-width: 0;
  min-height: 0;
  -webkit-flex-direction: column;
  -ms-flex-direction: column;
  flex-direction: column;
  padding-top: 12px;
  padding-bottom: 12px;
  padding-left: 12px;
  padding-right: 12px;
  border-radius: 5px;
}

.c15 {
  display: -webkit-box;
  display: -webkit-flex;
  display: -ms-flexbox;
  display: flex;
  box-sizing: border-box;
  max-width: 100%;
  margin-top: 12px;
  margin-bottom: 12px;
  min-width: 0;
  min-height: 0;
  -webkit-flex-direction: column;
  -ms-flex-direction: column;
  flex-direction: column;
  width: 100%;
  -webkit-box-pack: space-evenly;
  -webkit-justify-content: space-evenly;
  -ms-flex-pack: space-evenly;
  justify-content: space-evenly;
}

.c17 {
  display: -webkit-box;
  display: -webkit-flex;
  display: -ms-flexbox;
  display: flex;
  box-sizing: border-box;
  max-width: 100%;
  background-color: rgba(255,170,21,0.2);
  border-left: solid 3px #FFAA15;
  min-width: 0;
  min-height: 0;
  -webkit-flex-direction: column;
  -ms-flex-direction: column;
  flex-direction: column;
  padding: 6px;
}

.c19 {
  display: -webkit-box;
  display: -webkit-flex;
  display: -ms-flexbox;
  display: flex;
  box-sizing: border-box;
  max-width: 100%;
  min-width: 0;
  min-height: 0;
  -webkit-flex-direction: column;
  -ms-flex-direction: column;
  flex-direction: column;
  padding-top: 24px;
  padding-bottom: 24px;
}

.c21 {
  display: -webkit-box;
  display: -webkit-flex;
  display: -ms-flexbox;
  display: flex;
  box-sizing: border-box;
  max-width: 100%;
  margin-right: 12px;
  -webkit-align-items: center;
  -webkit-box-align: center;
  -ms-flex-align: center;
  align-items: center;
  min-width: 0;
  min-height: 0;
  -webkit-flex-direction: column;
  -ms-flex-direction: column;
  flex-direction: column;
  -webkit-box-pack: center;
  -webkit-justify-content: center;
  -ms-flex-pack: center;
  justify-content: center;
}

.c24 {
  display: -webkit-box;
  display: -webkit-flex;
  display: -ms-flexbox;
  display: flex;
  box-sizing: border-box;
  max-width: 100%;
  -webkit-align-items: center;
  -webkit-box-align: center;
  -ms-flex-align: center;
  align-items: center;
  border: solid 2px rgba(0,0,0,0.15);
  min-width: 0;
  min-height: 0;
  -webkit-flex-direction: column;
  -ms-flex-direction: column;
  flex-direction: column;
  height: 24px;
  width: 24px;
  -webkit-box-pack: center;
  -webkit-justify-content: center;
  -ms-flex-pack: center;
  justify-content: center;
  border-radius: 4px;
}

.c25 {
  display: -webkit-box;
  display: -webkit-flex;
  display: -ms-flexbox;
  display: flex;
  box-sizing: border-box;
  max-width: 100%;
  margin-top: 24px;
  min-width: 0;
  min-height: 0;
  -webkit-flex-direction: row;
  -ms-flex-direction: row;
  flex-direction: row;
  -webkit-box-pack: justify;
  -webkit-justify-content: space-between;
  -ms-flex-pack: justify;
  justify-content: space-between;
}

.c3 {
  display: -webkit-box;
  display: -webkit-flex;
  display: -ms-flexbox;
  display: flex;
  box-sizing: border-box;
  max-width: 100%;
  margin: 6px;
  background: #33333310;
  border-bottom: solid 1px rgba(0,0,0,0.33);
  min-width: 0;
  min-height: 0;
  -webkit-flex-direction: row;
  -ms-flex-direction: row;
  flex-direction: row;
  padding: 6px;
}

.c4 {
  display: -webkit-box;
  display: -webkit-flex;
  display: -ms-flexbox;
  display: flex;
  box-sizing: border-box;
  max-width: 100%;
  min-width: 0;
  min-height: 0;
  -webkit-flex-direction: column;
  -ms-flex-direction: column;
  flex-direction: column;
  padding-right: 12px;
}

.c6 {
  display: -webkit-box;
  display: -webkit-flex;
  display: -ms-flexbox;
  display: flex;
  box-sizing: border-box;
  max-width: 100%;
  min-width: 0;
  min-height: 0;
  -webkit-flex-direction: column;
  -ms-flex-direction: column;
  flex-direction: column;
}

.c12 {
  -webkit-flex: 0 0 auto;
  -ms-flex: 0 0 auto;
  flex: 0 0 auto;
  -webkit-align-self: stretch;
  -ms-flex-item-align: stretch;
  align-self: stretch;
  width: 12px;
}

.c9 {
  display: inline-block;
  box-sizing: border-box;
  cursor: pointer;
  font: inherit;
  -webkit-text-decoration: none;
  text-decoration: none;
  margin: 0;
  background: transparent;
  overflow: visible;
  text-transform: none;
  border: 2px solid #7D4CDB;
  border-radius: 18px;
  color: #444444;
  padding: 4px 22px;
  font-size: 18px;
  line-height: 24px;
  background-color: #7D4CDB;
  color: #f8f8f8;
  border-radius: 18px;
  -webkit-transition-property: color,background-color,border-color,box-shadow;
  transition-property: color,background-color,border-color,box-shadow;
  -webkit-transition-duration: 0.1s;
  transition-duration: 0.1s;
  -webkit-transition-timing-function: ease-in-out;
  transition-timing-function: ease-in-out;
}

.c9:hover {
  box-shadow: 0px 0px 0px 2px #7D4CDB;
}

.c9:focus {
  outline: none;
  box-shadow: 0 0 2px 2px #6FFFB0;
}

.c9:focus > circle,
.c9:focus > ellipse,
.c9:focus > line,
.c9:focus > path,
.c9:focus > polygon,
.c9:focus > polyline,
.c9:focus > rect {
  outline: none;
  box-shadow: 0 0 2px 2px #6FFFB0;
}

.c9:focus::-moz-focus-inner {
  border: 0;
}

.c26 {
  display: inline-block;
  box-sizing: border-box;
  cursor: pointer;
  font: inherit;
  -webkit-text-decoration: none;
  text-decoration: none;
  margin: 0;
  background: transparent;
  overflow: visible;
  text-transform: none;
  border: 2px solid #7D4CDB;
  border-radius: 18px;
  color: #444444;
  padding: 4px 22px;
  font-size: 18px;
  line-height: 24px;
  background-color: #7D4CDB;
  color: #f8f8f8;
  border-radius: 18px;
  opacity: 0.3;
  cursor: default;
  -webkit-transition-property: color,background-color,border-color,box-shadow;
  transition-property: color,background-color,border-color,box-shadow;
  -webkit-transition-duration: 0.1s;
  transition-duration: 0.1s;
  -webkit-transition-timing-function: ease-in-out;
  transition-timing-function: ease-in-out;
}

.c26:focus {
  outline: none;
  box-shadow: 0 0 2px 2px #6FFFB0;
}

.c26:focus > circle,
.c26:focus > ellipse,
.c26:focus > line,
.c26:focus > path,
.c26:focus > polygon,
.c26:focus > polyline,
.c26:focus > rect {
  outline: none;
  box-shadow: 0 0 2px 2px #6FFFB0;
}

.c26:focus::-moz-focus-inner {
  border: 0;
}

.c14 {
  margin: 0;
  font-size: 34px;
  line-height: 40px;
  max-width: 816px;
  font-weight: 600;
}

.c16 {
  margin: 0;
  font-size: 18px;
  line-height: 24px;
}

.c18 {
  font-size: 18px;
  line-height: 24px;
  font-weight: bold;
}

.c5 {
  font-size: 18px;
  line-height: 24px;
}

.c20 {
  display: -webkit-box;
  display: -webkit-flex;
  display: -ms-flexbox;
  display: flex;
  -webkit-flex-direction: row;
  -ms-flex-direction: row;
  flex-direction: row;
  -webkit-align-items: center;
  -webkit-box-align: center;
  -ms-flex-align: center;
  align-items: center;
  -webkit-user-select: none;
  -moz-user-select: none;
  -ms-user-select: none;
  user-select: none;
  width: -webkit-fit-content;
  width: -moz-fit-content;
  width: fit-content;
  cursor: pointer;
}

.c20:hover input:not([disabled]) + div,
.c20:hover input:not([disabled]) + span {
  border-color: #000000;
}

.c23 {
  opacity: 0;
  -moz-appearance: none;
  width: 0;
  height: 0;
  margin: 0;
  cursor: pointer;
}

.c23:checked + span > span {
  left: calc( 48px - 24px );
  background: #7D4CDB;
}

.c22 {
  -webkit-flex-shrink: 0;
  -ms-flex-negative: 0;
  flex-shrink: 0;
}

.c0 {
  display: grid;
  box-sizing: border-box;
  grid-template-columns: 2fr 2fr;
  grid-gap: 12px 12px;
  padding: 12px;
}

.c2 {
  display: grid;
  box-sizing: border-box;
}

@media only screen and (max-width:768px) {
  .c7 {
    margin: 3px;
  }
}

@media only screen and (max-width:768px) {
  .c7 {
    padding: 6px;
  }
}

@media only screen and (max-width:768px) {
  .c8 {
    margin-top: 12px;
  }
}

@media only screen and (max-width:768px) {
  .c13 {
    padding-top: 6px;
    padding-bottom: 6px;
  }
}

@media only screen and (max-width:768px) {
  .c13 {
    padding-left: 6px;
  }
}

@media only screen and (max-width:768px) {
  .c13 {
    padding-right: 6px;
  }
}

@media only screen and (max-width:768px) {
  .c15 {
    margin-top: 6px;
    margin-bottom: 6px;
  }
}

@media only screen and (max-width:768px) {
  .c17 {
    border-left: solid 3px #FFAA15;
  }
}

@media only screen and (max-width:768px) {
  .c17 {
    padding: 3px;
  }
}

@media only screen and (max-width:768px) {
  .c19 {
    padding-top: 12px;
    padding-bottom: 12px;
  }
}

@media only screen and (max-width:768px) {
  .c21 {
    margin-right: 6px;
  }
}

@media only screen and (max-width:768px) {
  .c24 {
    border: solid 2px rgba(0,0,0,0.15);
  }
}

@media only screen and (max-width:768px) {
  .c25 {
    margin-top: 12px;
  }
}

@media only screen and (max-width:768px) {
  .c3 {
    margin: 3px;
  }
}

@media only screen and (max-width:768px) {
  .c3 {
    border-bottom: solid 1px rgba(0,0,0,0.33);
  }
}

@media only screen and (max-width:768px) {
  .c3 {
    padding: 3px;
  }
}

@media only screen and (max-width:768px) {
  .c4 {
    padding-right: 6px;
  }
}

@media only screen and (max-width:768px) {
  .c14 {
    margin: 0;
  }
}

@media only screen and (max-width:768px) {
  .c14 {
    font-size: 26px;
    line-height: 32px;
    max-width: 624px;
  }
}

@media only screen and (max-width:768px) {
  .c0 {
    padding: 6px;
  }
}

<div
  class="c0"
>
  <div
    class="c1"
  >
    <div
      class="c2"
      data-testid="mnemonic-grid"
    >
      <div
        class="c3"
      >
        <div
          class="c4"
        >
          <span
            class="c5"
            style="user-select: none;"
          >
            1
            .
          </span>
        </div>
        <div
          class="c6"
        >
          <strong>
            test
          </strong>
        </div>
      </div>
      <div
        class="c3"
      >
        <div
          class="c4"
        >
          <span
            class="c5"
            style="user-select: none;"
          >
            2
            .
          </span>
        </div>
        <div
          class="c6"
        >
          <strong>
            test
          </strong>
        </div>
      </div>
      <div
        class="c3"
      >
        <div
          class="c4"
        >
          <span
            class="c5"
            style="user-select: none;"
          >
            3
            .
          </span>
        </div>
        <div
          class="c6"
        >
          <strong>
            test
          </strong>
        </div>
      </div>
      <div
        class="c3"
      >
        <div
          class="c4"
        >
          <span
            class="c5"
            style="user-select: none;"
          >
            4
            .
          </span>
        </div>
        <div
          class="c6"
        >
          <strong>
            test
          </strong>
        </div>
      </div>
      <div
        class="c3"
      >
        <div
          class="c4"
        >
          <span
            class="c5"
            style="user-select: none;"
          >
            5
            .
          </span>
        </div>
        <div
          class="c6"
        >
          <strong>
            test
          </strong>
        </div>
      </div>
      <div
        class="c3"
      >
        <div
          class="c4"
        >
          <span
            class="c5"
            style="user-select: none;"
          >
            6
            .
          </span>
        </div>
        <div
          class="c6"
        >
          <strong>
            test
          </strong>
        </div>
      </div>
      <div
        class="c3"
      >
        <div
          class="c4"
        >
          <span
            class="c5"
            style="user-select: none;"
          >
            7
            .
          </span>
        </div>
        <div
          class="c6"
        >
          <strong>
            test
          </strong>
        </div>
      </div>
      <div
        class="c3"
      >
        <div
          class="c4"
        >
          <span
            class="c5"
            style="user-select: none;"
          >
            8
            .
          </span>
        </div>
        <div
          class="c6"
        >
          <strong>
            test
          </strong>
        </div>
      </div>
      <div
        class="c3"
      >
        <div
          class="c4"
        >
          <span
            class="c5"
            style="user-select: none;"
          >
            9
            .
          </span>
        </div>
        <div
          class="c6"
        >
          <strong>
            test
          </strong>
        </div>
      </div>
      <div
        class="c3"
      >
        <div
          class="c4"
        >
          <span
            class="c5"
            style="user-select: none;"
          >
            10
            .
          </span>
        </div>
        <div
          class="c6"
        >
          <strong>
            test
          </strong>
        </div>
      </div>
      <div
        class="c3"
      >
        <div
          class="c4"
        >
          <span
            class="c5"
            style="user-select: none;"
          >
            11
            .
          </span>
        </div>
        <div
          class="c6"
        >
          <strong>
            test
          </strong>
        </div>
      </div>
      <div
        class="c3"
      >
        <div
          class="c4"
        >
          <span
            class="c5"
            style="user-select: none;"
          >
            12
            .
          </span>
        </div>
        <div
          class="c6"
        >
          <strong>
            test
          </strong>
        </div>
      </div>
      <div
        class="c3"
      >
        <div
          class="c4"
        >
          <span
            class="c5"
            style="user-select: none;"
          >
            13
            .
          </span>
        </div>
        <div
          class="c6"
        >
          <strong>
            test
          </strong>
        </div>
      </div>
      <div
        class="c3"
      >
        <div
          class="c4"
        >
          <span
            class="c5"
            style="user-select: none;"
          >
            14
            .
          </span>
        </div>
        <div
          class="c6"
        >
          <strong>
            test
          </strong>
        </div>
      </div>
      <div
        class="c3"
      >
        <div
          class="c4"
        >
          <span
            class="c5"
            style="user-select: none;"
          >
            15
            .
          </span>
        </div>
        <div
          class="c6"
        >
          <strong>
            test
          </strong>
        </div>
      </div>
      <div
        class="c3"
      >
        <div
          class="c4"
        >
          <span
            class="c5"
            style="user-select: none;"
          >
            16
            .
          </span>
        </div>
        <div
          class="c6"
        >
          <strong>
            test
          </strong>
        </div>
      </div>
      <div
        class="c3"
      >
        <div
          class="c4"
        >
          <span
            class="c5"
            style="user-select: none;"
          >
            17
            .
          </span>
        </div>
        <div
          class="c6"
        >
          <strong>
            test
          </strong>
        </div>
      </div>
      <div
        class="c3"
      >
        <div
          class="c4"
        >
          <span
            class="c5"
            style="user-select: none;"
          >
            18
            .
          </span>
        </div>
        <div
          class="c6"
        >
          <strong>
            test
          </strong>
        </div>
      </div>
      <div
        class="c3"
      >
        <div
          class="c4"
        >
          <span
            class="c5"
            style="user-select: none;"
          >
            19
            .
          </span>
        </div>
        <div
          class="c6"
        >
          <strong>
            test
          </strong>
        </div>
      </div>
      <div
        class="c3"
      >
        <div
          class="c4"
        >
          <span
            class="c5"
            style="user-select: none;"
          >
            20
            .
          </span>
        </div>
        <div
          class="c6"
        >
          <strong>
            test
          </strong>
        </div>
      </div>
      <div
        class="c3"
      >
        <div
          class="c4"
        >
          <span
            class="c5"
            style="user-select: none;"
          >
            21
            .
          </span>
        </div>
        <div
          class="c6"
        >
          <strong>
            test
          </strong>
        </div>
      </div>
      <div
        class="c3"
      >
        <div
          class="c4"
        >
          <span
            class="c5"
            style="user-select: none;"
          >
            22
            .
          </span>
        </div>
        <div
          class="c6"
        >
          <strong>
            test
          </strong>
        </div>
      </div>
      <div
        class="c3"
      >
        <div
          class="c4"
        >
          <span
            class="c5"
            style="user-select: none;"
          >
            23
            .
          </span>
        </div>
        <div
          class="c6"
        >
          <strong>
            test
          </strong>
        </div>
      </div>
      <div
        class="c3"
      >
        <div
          class="c4"
        >
          <span
            class="c5"
            style="user-select: none;"
          >
            24
            .
          </span>
        </div>
        <div
          class="c6"
        >
          <strong>
            test
          </strong>
        </div>
      </div>
    </div>
    <div
      class="c7"
      style="word-spacing: 14px;"
    >
      <strong
        data-testid="generated-mnemonic"
      >
        test test test test test test test test test test test test test test test test test test test test test test test test
      </strong>
      <div
        class="c8"
      >
        <button
          class="c9"
          style="border-radius: 4px;"
          type="button"
        >
          <div
            class="c10"
          >
            <svg
              aria-label="Refresh"
              class="c11"
              viewBox="0 0 24 24"
            >
              <path
                d="M20,8 C18.5974037,5.04031171 15.536972,3 12,3 C7.02943725,3 3,7.02943725 3,12 C3,16.9705627 7.02943725,21 12,21 L12,21 C16.9705627,21 21,16.9705627 21,12 M21,3 L21,9 L15,9"
                fill="none"
                stroke="#000"
                stroke-width="2"
              />
            </svg>
            <div
              class="c12"
            />
            createWallet.newMnemonic
          </div>
        </button>
      </div>
    </div>
  </div>
  <div
    class="c13"
  >
    <h2
      class="c14"
    >
      createWallet.thisIsYourPhrase
    </h2>
    <div
      class="c15"
    >
      <span
        class="c16"
      >
        createWallet.instruction
      </span>
    </div>
    <div
      class="c17"
    >
      <span
        class="c18"
      >
        createWallet.doNotShare
      </span>
    </div>
    <div
      class="c19"
    >
      <label
        class="c20"
      >
        <div
          class="c21 c22"
        >
          <input
            class="c23"
            type="checkbox"
          />
          <div
            class="c24 "
          />
        </div>
        <span>
          createWallet.confirmSaved
        </span>
      </label>
      <div
        class="c25"
      >
        <button
          class="c26"
          disabled=""
          style="border-radius: 4px;"
          type="submit"
        >
          openWallet.mnemonic.open
        </button>
      </div>
    </div>
  </div>
</div>
`;
