// Jest Snapshot v1, https://goo.gl/fbAQLP

exports[`<FromMnemonic/> should match snapshot 1`] = `
.c1 {
  display: -webkit-box;
  display: -webkit-flex;
  display: -ms-flexbox;
  display: flex;
  box-sizing: border-box;
  max-width: 100%;
  margin: 12px;
  background-color: #FFFFFF;
  color: #444444;
  border: solid 1px #EDEDED;
  min-width: 0;
  min-height: 0;
  -webkit-flex-direction: column;
  -ms-flex-direction: column;
  flex-direction: column;
  padding: 24px;
  border-radius: 5px;
}

.c3 {
  display: -webkit-box;
  display: -webkit-flex;
  display: -ms-flexbox;
  display: flex;
  box-sizing: border-box;
  max-width: 100%;
  margin-top: 12px;
  margin-bottom: 12px;
  margin-left: 12px;
  margin-right: 48px;
  min-width: 0;
  min-height: 0;
  -webkit-flex-direction: column;
  -ms-flex-direction: column;
  flex-direction: column;
}

.c6 {
  display: -webkit-box;
  display: -webkit-flex;
  display: -ms-flexbox;
  display: flex;
  box-sizing: border-box;
  max-width: 100%;
  min-width: 0;
  min-height: 0;
  -webkit-flex-direction: column;
  -ms-flex-direction: column;
  flex-direction: column;
  height: 140px;
}

.c7 {
  display: -webkit-box;
  display: -webkit-flex;
  display: -ms-flexbox;
  display: flex;
  box-sizing: border-box;
  max-width: 100%;
  margin-bottom: 12px;
  min-width: 0;
  min-height: 0;
  -webkit-flex-direction: column;
  -ms-flex-direction: column;
  flex-direction: column;
}

.c8 {
  display: -webkit-box;
  display: -webkit-flex;
  display: -ms-flexbox;
  display: flex;
  box-sizing: border-box;
  max-width: 100%;
  border-bottom: solid 1px rgba(0,0,0,0.33);
  min-width: 0;
  min-height: 0;
  -webkit-flex-direction: column;
  -ms-flex-direction: column;
  flex-direction: column;
}

.c9 {
  display: -webkit-box;
  display: -webkit-flex;
  display: -ms-flexbox;
  display: flex;
  box-sizing: border-box;
  max-width: 100%;
  min-width: 0;
  min-height: 0;
  -webkit-flex-direction: column;
  -ms-flex-direction: column;
  flex-direction: column;
  height: 100px;
}

.c11 {
  display: -webkit-box;
  display: -webkit-flex;
  display: -ms-flexbox;
  display: flex;
  box-sizing: border-box;
  max-width: 100%;
  min-width: 0;
  min-height: 0;
  -webkit-flex-direction: column;
  -ms-flex-direction: column;
  flex-direction: column;
  padding-top: 24px;
  padding-bottom: 24px;
}

.c12 {
  display: -webkit-box;
  display: -webkit-flex;
  display: -ms-flexbox;
  display: flex;
  box-sizing: border-box;
  max-width: 100%;
  margin-top: 24px;
  min-width: 0;
  min-height: 0;
  -webkit-flex-direction: row;
  -ms-flex-direction: row;
  flex-direction: row;
  -webkit-box-pack: justify;
  -webkit-justify-content: space-between;
  -ms-flex-pack: justify;
  justify-content: space-between;
}

.c14 {
  display: -webkit-box;
  display: -webkit-flex;
  display: -ms-flexbox;
  display: flex;
  box-sizing: border-box;
  max-width: 100%;
  background: #11111108;
  min-width: 0;
  min-height: 0;
  -webkit-flex-direction: column;
  -ms-flex-direction: column;
  flex-direction: column;
}

.c13 {
  display: inline-block;
  box-sizing: border-box;
  cursor: pointer;
  font: inherit;
  -webkit-text-decoration: none;
  text-decoration: none;
  margin: 0;
  background: transparent;
  overflow: visible;
  text-transform: none;
  border: 2px solid #0092f6;
  border-radius: 18px;
  color: #444444;
  padding: 4px 22px;
  font-size: 18px;
  line-height: 24px;
  background-color: #0092f6;
  color: #f8f8f8;
  border-radius: 18px;
  -webkit-transition-property: color,background-color,border-color,box-shadow;
  transition-property: color,background-color,border-color,box-shadow;
  -webkit-transition-duration: 0.1s;
  transition-duration: 0.1s;
  -webkit-transition-timing-function: ease-in-out;
  transition-timing-function: ease-in-out;
  font-weight: bold;
}

.c13:hover {
  box-shadow: 0px 0px 0px 2px #0092f6;
}

.c13:focus {
  outline: none;
  box-shadow: 0 0 2px 2px #6FFFB0;
}

.c13:focus > circle,
.c13:focus > ellipse,
.c13:focus > line,
.c13:focus > path,
.c13:focus > polygon,
.c13:focus > polyline,
.c13:focus > rect {
  outline: none;
  box-shadow: 0 0 2px 2px #6FFFB0;
}

.c13:focus::-moz-focus-inner {
  border: 0;
}

.c4 {
  margin: 0;
  font-size: 50px;
  line-height: 56px;
  max-width: 1200px;
  font-weight: 600;
}

.c2 {
  display: grid;
  box-sizing: border-box;
  grid-template-columns: 2fr 2fr;
  grid-gap: 12px 12px;
  padding: 12px;
}

.c15 {
  display: grid;
  box-sizing: border-box;
  grid-template-columns: 1fr 1fr;
}

.c0 {
  font-family: Rubik;
  font-size: 18px;
  line-height: 24px;
  background-color: #ffffff;
  color: #444444;
  box-sizing: border-box;
  -webkit-text-size-adjust: 100%;
  -ms-text-size-adjust: 100%;
  -moz-osx-font-smoothing: grayscale;
  -webkit-font-smoothing: antialiased;
  width: 100vw;
  height: 100vh;
  overflow: auto;
}

.c5 {
  font-size: 18px;
  line-height: 24px;
  max-width: 432px;
}

.c10 {
  box-sizing: border-box;
  font-size: inherit;
  font-family: inherit;
  border: none;
  -webkit-appearance: none;
  background: transparent;
  color: inherit;
  width: 100%;
  padding: 11px;
  font-weight: 600;
  margin: 0;
  font-size: 18px;
  line-height: 24px;
  border: 1px solid rgba(0,0,0,0.33);
  border-radius: 4px;
  height: 100%;
}

.c10:focus {
  outline: none;
  box-shadow: 0 0 2px 2px #6FFFB0;
}

.c10:focus > circle,
.c10:focus > ellipse,
.c10:focus > line,
.c10:focus > path,
.c10:focus > polygon,
.c10:focus > polyline,
.c10:focus > rect {
  outline: none;
  box-shadow: 0 0 2px 2px #6FFFB0;
}

.c10:focus::-moz-focus-inner {
  border: 0;
}

.c10::-webkit-input-placeholder {
  color: #AAAAAA;
}

.c10::-moz-placeholder {
  color: #AAAAAA;
}

.c10:-ms-input-placeholder {
  color: #AAAAAA;
}

.c10::-webkit-search-decoration {
  -webkit-appearance: none;
}

.c10::-moz-focus-inner {
  border: none;
  outline: none;
}

.c10:-moz-placeholder,
.c10::-moz-placeholder {
  opacity: 1;
}

@media only screen and (max-width:768px) {
  .c1 {
    margin: 6px;
  }
}

@media only screen and (max-width:768px) {
  .c1 {
    border: solid 1px #EDEDED;
  }
}

@media only screen and (max-width:768px) {
  .c1 {
    padding: 12px;
  }
}

@media only screen and (max-width:768px) {
  .c3 {
    margin-top: 6px;
    margin-bottom: 6px;
  }
}

@media only screen and (max-width:768px) {
  .c3 {
    margin-left: 6px;
  }
}

@media only screen and (max-width:768px) {
  .c3 {
    margin-right: 24px;
  }
}

@media only screen and (max-width:768px) {
  .c7 {
    margin-bottom: 6px;
  }
}

@media only screen and (max-width:768px) {
  .c8 {
    border-bottom: solid 1px rgba(0,0,0,0.33);
  }
}

@media only screen and (max-width:768px) {
  .c11 {
    padding-top: 12px;
    padding-bottom: 12px;
  }
}

@media only screen and (max-width:768px) {
  .c12 {
    margin-top: 12px;
  }
}

@media only screen and (max-width:768px) {
  .c4 {
    margin: 0;
  }
}

@media only screen and (max-width:768px) {
  .c4 {
    font-size: 34px;
    line-height: 40px;
    max-width: 816px;
  }
}

@media only screen and (max-width:768px) {
  .c2 {
    padding: 6px;
  }
}

<div
  class="c0"
>
  <div
    class="c1"
  >
    <div
      class="c2"
    >
      <div
        class="c3"
      >
        <form>
          <h1
            class="c4"
          >
            openWallet.mnemonic.header
          </h1>
          <p
            class="c5"
          >
            openWallet.mnemonic.instruction
          </p>
          <div
            class="c6"
          >
            <div
              class="c7 "
            >
              <div
                class="c8 FormField__FormFieldContentBox-m9hood-1"
              >
                <div
                  class="c9"
                >
                  <textarea
                    class="c10"
                    data-testid="mnemonic"
                    id="mnemonic"
                    placeholder="openWallet.mnemonic.enterPhraseHere"
                  />
                </div>
              </div>
            </div>
          </div>
          <div
            class="c11"
          >
            <div
              class="c12"
            >
              <button
                class="c13"
                style="border-radius: 4px;"
                type="submit"
              >
                openWallet.mnemonic.open
              </button>
            </div>
          </div>
        </form>
      </div>
      <div
        class="c14"
      >
        <div
          class="c15"
          data-testid="mnemonic-grid"
        />
      </div>
    </div>
  </div>
</div>
`;
