// Jest Snapshot v1, https://goo.gl/fbAQLP

exports[`<FromLedgerModal  /> should match snapshot 1`] = `
Object {
  "asFragment": [Function],
  "baseElement": .c18 {
  display: inline-block;
  -webkit-flex: 0 0 auto;
  -ms-flex: 0 0 auto;
  flex: 0 0 auto;
  width: 24px;
  height: 24px;
  fill: #0092f6;
  stroke: #0092f6;
}

.c18 g {
  fill: inherit;
  stroke: inherit;
}

.c18 *:not([stroke])[fill="none"] {
  stroke-width: 0;
}

.c18 *[stroke*="#"],
.c18 *[STROKE*="#"] {
  stroke: inherit;
  fill: none;
}

.c18 *[fill-rule],
.c18 *[FILL-RULE],
.c18 *[fill*="#"],
.c18 *[FILL*="#"] {
  fill: inherit;
  stroke: none;
}

.c5 {
  display: -webkit-box;
  display: -webkit-flex;
  display: -ms-flexbox;
  display: flex;
  box-sizing: border-box;
  max-width: 100%;
  background-color: #FFFFFF;
  color: #444444;
  min-width: 0;
  min-height: 0;
  -webkit-flex-direction: column;
  -ms-flex-direction: column;
  flex-direction: column;
  width: 750px;
  padding: 24px;
}

.c7 {
  display: -webkit-box;
  display: -webkit-flex;
  display: -ms-flexbox;
  display: flex;
  box-sizing: border-box;
  max-width: 100%;
  -webkit-align-items: center;
  -webkit-box-align: center;
  -ms-flex-align: center;
  align-items: center;
  min-width: 0;
  min-height: 0;
  -webkit-flex-direction: row;
  -ms-flex-direction: row;
  flex-direction: row;
  height: 100%;
  -webkit-box-pack: end;
  -webkit-justify-content: flex-end;
  -ms-flex-pack: end;
  justify-content: flex-end;
}

.c8 {
  display: -webkit-box;
  display: -webkit-flex;
  display: -ms-flexbox;
  display: flex;
  box-sizing: border-box;
  max-width: 100%;
  min-width: 0;
  min-height: 0;
  -webkit-flex-direction: column;
  -ms-flex-direction: column;
  flex-direction: column;
  padding-right: 5px;
}

.c9 {
  display: -webkit-box;
  display: -webkit-flex;
  display: -ms-flexbox;
  display: flex;
  box-sizing: border-box;
  max-width: 100%;
  min-width: 0;
  min-height: 0;
  -webkit-flex-direction: column;
  -ms-flex-direction: column;
  flex-direction: column;
  width: 440px;
}

.c12 {
  display: -webkit-box;
  display: -webkit-flex;
  display: -ms-flexbox;
  display: flex;
  box-sizing: border-box;
  max-width: 100%;
  -webkit-align-items: center;
  -webkit-box-align: center;
  -ms-flex-align: center;
  align-items: center;
  min-width: 0;
  min-height: 0;
  -webkit-flex-direction: row;
  -ms-flex-direction: row;
  flex-direction: row;
  -webkit-box-pack: justify;
  -webkit-justify-content: space-between;
  -ms-flex-pack: justify;
  justify-content: space-between;
}

.c13 {
  display: -webkit-box;
  display: -webkit-flex;
  display: -ms-flexbox;
  display: flex;
  box-sizing: border-box;
  min-width: 0;
  min-height: 0;
  -webkit-flex-direction: row;
  -ms-flex-direction: row;
  flex-direction: row;
  -webkit-flex: 1 1;
  -ms-flex: 1 1;
  flex: 1 1;
  -webkit-flex-basis: auto;
  -ms-flex-preferred-size: auto;
  flex-basis: auto;
}

.c17 {
  display: -webkit-box;
  display: -webkit-flex;
  display: -ms-flexbox;
  display: flex;
  box-sizing: border-box;
  max-width: 100%;
  margin-left: 12px;
  margin-right: 12px;
  min-width: 0;
  min-height: 0;
  -webkit-flex-direction: column;
  -ms-flex-direction: column;
  flex-direction: column;
  -webkit-flex: 0 0 auto;
  -ms-flex: 0 0 auto;
  flex: 0 0 auto;
}

.c21 {
  display: -webkit-box;
  display: -webkit-flex;
  display: -ms-flexbox;
  display: flex;
  box-sizing: border-box;
  max-width: 100%;
  -webkit-align-self: flex-end;
  -ms-flex-item-align: end;
  align-self: flex-end;
  min-width: 0;
  min-height: 0;
  -webkit-flex-direction: row;
  -ms-flex-direction: row;
  flex-direction: row;
  padding-top: 48px;
}

.c23 {
  -webkit-flex: 0 0 auto;
  -ms-flex: 0 0 auto;
  flex: 0 0 auto;
  -webkit-align-self: stretch;
  -ms-flex-item-align: stretch;
  align-self: stretch;
  width: 12px;
}

.c19 {
  -webkit-align-self: flex-end;
  -ms-flex-item-align: end;
  align-self: flex-end;
  font-size: 14px;
  line-height: 20px;
}

.c10 {
  display: inline-block;
  box-sizing: border-box;
  cursor: pointer;
  font: inherit;
  -webkit-text-decoration: none;
  text-decoration: none;
  margin: 0;
  background: transparent;
  overflow: visible;
  text-transform: none;
  color: inherit;
  outline: none;
  border: none;
  padding: 0;
  text-align: inherit;
  opacity: 0.3;
  cursor: default;
}

.c10:focus {
  outline: none;
  box-shadow: 0 0 2px 2px #6FFFB0;
}

.c10:focus > circle,
.c10:focus > ellipse,
.c10:focus > line,
.c10:focus > path,
.c10:focus > polygon,
.c10:focus > polyline,
.c10:focus > rect {
  outline: none;
  box-shadow: 0 0 2px 2px #6FFFB0;
}

.c10:focus::-moz-focus-inner {
  border: 0;
}

.c10:focus:not(:focus-visible) {
  outline: none;
  box-shadow: none;
}

.c10:focus:not(:focus-visible) > circle,
.c10:focus:not(:focus-visible) > ellipse,
.c10:focus:not(:focus-visible) > line,
.c10:focus:not(:focus-visible) > path,
.c10:focus:not(:focus-visible) > polygon,
.c10:focus:not(:focus-visible) > polyline,
.c10:focus:not(:focus-visible) > rect {
  outline: none;
  box-shadow: none;
}

.c10:focus:not(:focus-visible)::-moz-focus-inner {
  border: 0;
}

.c22 {
  display: inline-block;
  box-sizing: border-box;
  cursor: pointer;
  font: inherit;
  -webkit-text-decoration: none;
  text-decoration: none;
  margin: 0;
  background: transparent;
  overflow: visible;
  text-transform: none;
  border: 2px solid #0092f6;
  border-radius: 18px;
  color: #444444;
  padding: 4px 22px;
  font-size: 18px;
  line-height: 24px;
  opacity: 0.3;
  cursor: default;
  -webkit-transition-property: color,background-color,border-color,box-shadow;
  transition-property: color,background-color,border-color,box-shadow;
  -webkit-transition-duration: 0.1s;
  transition-duration: 0.1s;
  -webkit-transition-timing-function: ease-in-out;
  transition-timing-function: ease-in-out;
  font-weight: bold;
}

.c22:focus {
  outline: none;
  box-shadow: 0 0 2px 2px #6FFFB0;
}

.c22:focus > circle,
.c22:focus > ellipse,
.c22:focus > line,
.c22:focus > path,
.c22:focus > polygon,
.c22:focus > polyline,
.c22:focus > rect {
  outline: none;
  box-shadow: 0 0 2px 2px #6FFFB0;
}

.c22:focus::-moz-focus-inner {
  border: 0;
}

.c22:focus:not(:focus-visible) {
  outline: none;
  box-shadow: none;
}

.c22:focus:not(:focus-visible) > circle,
.c22:focus:not(:focus-visible) > ellipse,
.c22:focus:not(:focus-visible) > line,
.c22:focus:not(:focus-visible) > path,
.c22:focus:not(:focus-visible) > polygon,
.c22:focus:not(:focus-visible) > polyline,
.c22:focus:not(:focus-visible) > rect {
  outline: none;
  box-shadow: none;
}

.c22:focus:not(:focus-visible)::-moz-focus-inner {
  border: 0;
}

.c24 {
  display: inline-block;
  box-sizing: border-box;
  cursor: pointer;
  font: inherit;
  -webkit-text-decoration: none;
  text-decoration: none;
  margin: 0;
  background: transparent;
  overflow: visible;
  text-transform: none;
  -webkit-align-self: flex-end;
  -ms-flex-item-align: end;
  align-self: flex-end;
  border: 2px solid #0092f6;
  border-radius: 18px;
  color: #444444;
  padding: 4px 22px;
  font-size: 18px;
  line-height: 24px;
  background-color: #0092f6;
  color: #f8f8f8;
  border-radius: 18px;
  opacity: 0.3;
  cursor: default;
  -webkit-transition-property: color,background-color,border-color,box-shadow;
  transition-property: color,background-color,border-color,box-shadow;
  -webkit-transition-duration: 0.1s;
  transition-duration: 0.1s;
  -webkit-transition-timing-function: ease-in-out;
  transition-timing-function: ease-in-out;
  font-weight: bold;
}

.c24:focus {
  outline: none;
  box-shadow: 0 0 2px 2px #6FFFB0;
}

.c24:focus > circle,
.c24:focus > ellipse,
.c24:focus > line,
.c24:focus > path,
.c24:focus > polygon,
.c24:focus > polyline,
.c24:focus > rect {
  outline: none;
  box-shadow: 0 0 2px 2px #6FFFB0;
}

.c24:focus::-moz-focus-inner {
  border: 0;
}

.c24:focus:not(:focus-visible) {
  outline: none;
  box-shadow: none;
}

.c24:focus:not(:focus-visible) > circle,
.c24:focus:not(:focus-visible) > ellipse,
.c24:focus:not(:focus-visible) > line,
.c24:focus:not(:focus-visible) > path,
.c24:focus:not(:focus-visible) > polygon,
.c24:focus:not(:focus-visible) > polyline,
.c24:focus:not(:focus-visible) > rect {
  outline: none;
  box-shadow: none;
}

.c24:focus:not(:focus-visible)::-moz-focus-inner {
  border: 0;
}

.c6 {
  margin-top: 0px;
  margin-bottom: 24px;
  font-size: 1;
  line-height: normal;
  max-width: 1200px;
  font-weight: 600;
}

.c20 {
  box-sizing: border-box;
  font-size: inherit;
  line-height: inherit;
  color: #0092f6;
  font-weight: 600;
  -webkit-text-decoration: none;
  text-decoration: none;
  cursor: pointer;
}

.c20:hover {
  -webkit-text-decoration: underline;
  text-decoration: underline;
}

.c15 {
  box-sizing: border-box;
  font-size: inherit;
  font-family: inherit;
  border: none;
  -webkit-appearance: none;
  background: transparent;
  color: inherit;
  width: 100%;
  padding: 11px;
  font-weight: 600;
  margin: 0;
  border: 1px solid rgba(0,0,0,0.33);
  border-radius: 4px;
  outline: none;
  border: none;
}

.c15::-webkit-input-placeholder {
  color: #AAAAAA;
}

.c15::-moz-placeholder {
  color: #AAAAAA;
}

.c15:-ms-input-placeholder {
  color: #AAAAAA;
}

.c15::-webkit-search-decoration {
  -webkit-appearance: none;
}

.c15::-moz-focus-inner {
  border: none;
  outline: none;
}

.c15:-moz-placeholder,
.c15::-moz-placeholder {
  opacity: 1;
}

.c14 {
  position: relative;
  width: 100%;
}

.c0 {
  font-family: Rubik;
  font-size: 18px;
  line-height: 24px;
  background-color: #ffffff;
  color: #444444;
  box-sizing: border-box;
  -webkit-text-size-adjust: 100%;
  -ms-text-size-adjust: 100%;
  -moz-osx-font-smoothing: grayscale;
  -webkit-font-smoothing: antialiased;
}

.c1 {
  font-family: Rubik;
  font-size: 18px;
  line-height: 24px;
  background-color: #ffffff;
  color: #444444;
  box-sizing: border-box;
  -webkit-text-size-adjust: 100%;
  -ms-text-size-adjust: 100%;
  -moz-osx-font-smoothing: grayscale;
  -webkit-font-smoothing: antialiased;
  background: transparent;
  position: relative;
  z-index: 20;
  pointer-events: none;
  outline: none;
  position: fixed;
  top: 0px;
  left: 0px;
  right: 0px;
  bottom: 0px;
}

.c2 {
  position: absolute;
  top: 0px;
  left: 0px;
  right: 0px;
  bottom: 0px;
  background-color: rgba(0,0,0,0.5);
  color: #f8f8f8;
  pointer-events: all;
  will-change: transform;
}

.c3 {
  display: -webkit-box;
  display: -webkit-flex;
  display: -ms-flexbox;
  display: flex;
  -webkit-flex-direction: column;
  -ms-flex-direction: column;
  flex-direction: column;
  min-height: 48px;
  background-color: #FFFFFF;
  color: #444444;
  outline: none;
  pointer-events: all;
  z-index: 20;
  position: absolute;
  max-height: calc(100% - 0px - 0px);
  max-width: calc(100% - 0px - 0px);
  border-radius: 4px;
  top: 50%;
  left: 50%;
  -webkit-transform: translate(-50%,-50%);
  -ms-transform: translate(-50%,-50%);
  transform: translate(-50%,-50%);
  -webkit-animation: hWAzxx 0.2s ease-in-out forwards;
  animation: hWAzxx 0.2s ease-in-out forwards;
}

.c4 {
  width: 0;
  height: 0;
  overflow: hidden;
  position: absolute;
}

.c16 {
  cursor: default;
}

.c11 {
  border: 1px solid rgba(0,0,0,0.33);
  border-radius: 4px;
}

@media only screen and (max-width:768px) {
  .c5 {
    padding: 12px;
  }
}

@media only screen and (max-width:768px) {
  .c8 {
    padding-right: 5px;
  }
}

@media only screen and (max-width:768px) {
  .c17 {
    margin-left: 6px;
    margin-right: 6px;
  }
}

@media only screen and (max-width:768px) {
  .c21 {
    padding-top: 24px;
  }
}

@media only screen and (max-width:768px) {
  .c23 {
    width: 6px;
  }
}

@media only screen and (max-width:768px) {
  .c6 {
    margin-top: 0px;
  }
}

@media only screen and (max-width:768px) {
  .c6 {
    margin-bottom: 12px;
  }
}

@media only screen and (max-width:768px) {
  .c1 {
    position: fixed;
    width: 100%;
    height: 100%;
    min-height: 100vh;
  }
}

@media only screen and (max-width:768px) {
  .c2 {
    position: relative;
  }
}

@media only screen and (max-width:768px) {
  .c3 {
    position: relative;
    max-height: none;
    max-width: none;
    border-radius: 0;
    height: 100vh;
    width: 100vw;
  }
}

<body
    style=""
  >
    <div>
      <div
        class="c0"
        style="min-height: 100vh;"
      />
    </div>
    <div>
      <div
        aria-hidden="false"
      >
        <div
          class="c1"
          tabindex="-1"
        >
          <div
            class="c2"
          />
          <div
            class="c3"
            data-g-portal-id="0"
            style="overflow-y: auto;"
          >
            <a
              aria-hidden="true"
              class="c4"
              tabindex="-1"
            />
            <div>
              <div
                class="c5"
              >
                <h1
                  class="c6"
                  size="1"
                >
                  openWallet.ledger.selectWallets
                </h1>
                <div
                  class="c7"
                >
                  <div
                    class="c8"
                  >
                    Derivation path
                  </div>
                  <div
                    class="c9"
                  >
                    <button
                      aria-expanded="false"
                      aria-haspopup="listbox"
                      aria-label="Open Drop; Selected: legacy"
                      class="c10 c11"
                      disabled=""
                      id="DerivationPathSelect"
                      type="button"
                    >
                      <div
                        class="c12"
                      >
                        <div
                          class="c13"
                        >
                          <div
                            class="c14"
                          >
                            <input
                              autocomplete="off"
                              class="c15 c16"
                              id="DerivationPathSelect__input"
                              readonly=""
                              tabindex="-1"
                              type="text"
                              value="Legacy (backward compatible)"
                            />
                          </div>
                        </div>
                        <div
                          class="c17"
                          style="min-width: auto;"
                        >
                          <svg
                            aria-label="FormDown"
                            class="c18"
                            viewBox="0 0 24 24"
                          >
                            <path
                              d="m18 9-6 6-6-6"
                              fill="none"
                              stroke="#000"
                              stroke-width="2"
                            />
                          </svg>
                        </div>
                      </div>
                    </button>
                  </div>
                </div>
                <span
                  class="c19"
                >
                  <a
                    class="c20"
                    href="https://docs.oasis.dev/general/manage-tokens/faq#ledger-derivation-paths"
                    rel="noopener"
                    target="_blank"
                  >
                    Learn more
                  </a>
                </span>
                <div
                  class="c21"
                >
                  <button
                    class="c22"
                    disabled=""
                    style="border-radius: 4px;"
                    type="button"
                  >
                    openWallet.ledger.cancel
                  </button>
                  <div
                    class="c23"
                  />
                  <button
                    class="c24"
                    data-testid="ledger-open-accounts"
                    disabled=""
                    style="border-radius: 4px;"
                    type="button"
                  >
                    openWallet.ledger.openWallets
                  </button>
                </div>
              </div>
            </div>
          </div>
        </div>
      </div>
    </div>
  </body>,
  "container": <div>
    <div
      class="StyledGrommet-sc-19lkkz7-0 cIHPIM"
      style="min-height: 100vh;"
    />
  </div>,
  "debug": [Function],
  "findAllByAltText": [Function],
  "findAllByDisplayValue": [Function],
  "findAllByLabelText": [Function],
  "findAllByPlaceholderText": [Function],
  "findAllByRole": [Function],
  "findAllByTestId": [Function],
  "findAllByText": [Function],
  "findAllByTitle": [Function],
  "findByAltText": [Function],
  "findByDisplayValue": [Function],
  "findByLabelText": [Function],
  "findByPlaceholderText": [Function],
  "findByRole": [Function],
  "findByTestId": [Function],
  "findByText": [Function],
  "findByTitle": [Function],
  "getAllByAltText": [Function],
  "getAllByDisplayValue": [Function],
  "getAllByLabelText": [Function],
  "getAllByPlaceholderText": [Function],
  "getAllByRole": [Function],
  "getAllByTestId": [Function],
  "getAllByText": [Function],
  "getAllByTitle": [Function],
  "getByAltText": [Function],
  "getByDisplayValue": [Function],
  "getByLabelText": [Function],
  "getByPlaceholderText": [Function],
  "getByRole": [Function],
  "getByTestId": [Function],
  "getByText": [Function],
  "getByTitle": [Function],
  "queryAllByAltText": [Function],
  "queryAllByDisplayValue": [Function],
  "queryAllByLabelText": [Function],
  "queryAllByPlaceholderText": [Function],
  "queryAllByRole": [Function],
  "queryAllByTestId": [Function],
  "queryAllByText": [Function],
  "queryAllByTitle": [Function],
  "queryByAltText": [Function],
  "queryByDisplayValue": [Function],
  "queryByLabelText": [Function],
  "queryByPlaceholderText": [Function],
  "queryByRole": [Function],
  "queryByTestId": [Function],
  "queryByText": [Function],
  "queryByTitle": [Function],
  "rerender": [Function],
  "unmount": [Function],
}
`;
