// Jest Snapshot v1, https://goo.gl/fbAQLP

exports[`<TransactionAmount /> should render EVMc withdraw variant component 1`] = `
.c0 {
  font-size: 18px;
  line-height: 24px;
  text-align: center;
}

@media only screen and (max-width:768px) {

}

@media only screen and (max-width:768px) {

}

@media only screen and (max-width:768px) {

}

@media only screen and (max-width:768px) {

}

@media only screen and (max-width:768px) {

}

@media only screen and (max-width:768px) {

}

@media only screen and (max-width:768px) {

}

@media only screen and (max-width:768px) {

}

@media only screen and (max-width:768px) {

}

<span
  class="c0"
  data-testid="paraTime-content-description"
>
  Please enter the amount of ROSE tokens you wish to transfer from the withdrawing wallet on the 
  <strong>
    Emerald
  </strong>
   (EVMc) ParaTime and then click "Next"
</span>
`;

exports[`<TransactionAmount /> should render component 1`] = `
.c0 {
  display: -webkit-box;
  display: -webkit-flex;
  display: -ms-flexbox;
  display: flex;
  box-sizing: border-box;
  max-width: 100%;
  -webkit-align-items: center;
  -webkit-box-align: center;
  -ms-flex-align: center;
  align-items: center;
  min-width: 0;
  min-height: 0;
  -webkit-flex-direction: column;
  -ms-flex-direction: column;
  flex-direction: column;
}

.c2 {
  display: -webkit-box;
  display: -webkit-flex;
  display: -ms-flexbox;
  display: flex;
  box-sizing: border-box;
  max-width: 100%;
  margin-bottom: 48px;
  min-width: 0;
  min-height: 0;
  -webkit-flex-direction: column;
  -ms-flex-direction: column;
  flex-direction: column;
}

.c4 {
  display: -webkit-box;
  display: -webkit-flex;
  display: -ms-flexbox;
  display: flex;
  box-sizing: border-box;
  max-width: 100%;
  margin-bottom: 96px;
  -webkit-align-items: center;
  -webkit-box-align: center;
  -ms-flex-align: center;
  align-items: center;
  min-width: 0;
  min-height: 0;
  -webkit-flex-direction: column;
  -ms-flex-direction: column;
  flex-direction: column;
  width: 100%;
}

.c5 {
  display: -webkit-box;
  display: -webkit-flex;
  display: -ms-flexbox;
  display: flex;
  box-sizing: border-box;
  max-width: 100%;
  margin-bottom: 24px;
  min-width: 0;
  min-height: 0;
  -webkit-flex-direction: column;
  -ms-flex-direction: column;
  flex-direction: column;
}

.c6 {
  display: -webkit-box;
  display: -webkit-flex;
  display: -ms-flexbox;
  display: flex;
  box-sizing: border-box;
  max-width: 100%;
  margin-bottom: 12px;
  min-width: 0;
  min-height: 0;
  -webkit-flex-direction: column;
  -ms-flex-direction: column;
  flex-direction: column;
}

.c7 {
  display: -webkit-box;
  display: -webkit-flex;
  display: -ms-flexbox;
  display: flex;
  box-sizing: border-box;
  max-width: 100%;
  margin: 0px;
  -webkit-align-items: center;
  -webkit-box-align: center;
  -ms-flex-align: center;
  align-items: center;
  min-width: 0;
  min-height: 0;
  -webkit-flex-direction: row;
  -ms-flex-direction: row;
  flex-direction: row;
  width: 384px;
}

.c8 {
  display: -webkit-box;
  display: -webkit-flex;
  display: -ms-flexbox;
  display: flex;
  box-sizing: border-box;
  max-width: 100%;
  border-bottom: solid 1px rgba(0,0,0,0.33);
  min-width: 0;
  min-height: 0;
  -webkit-flex-direction: column;
  -ms-flex-direction: column;
  flex-direction: column;
}

.c11 {
  display: -webkit-box;
  display: -webkit-flex;
  display: -ms-flexbox;
  display: flex;
  box-sizing: border-box;
  max-width: 100%;
  min-width: 0;
  min-height: 0;
  -webkit-flex-direction: column;
  -ms-flex-direction: column;
  flex-direction: column;
}

.c13 {
  display: -webkit-box;
  display: -webkit-flex;
  display: -ms-flexbox;
  display: flex;
  box-sizing: border-box;
  max-width: 100%;
  -webkit-align-items: flex-end;
  -webkit-box-align: flex-end;
  -ms-flex-align: flex-end;
  align-items: flex-end;
  min-width: 0;
  min-height: 0;
  -webkit-flex-direction: column;
  -ms-flex-direction: column;
  flex-direction: column;
}

.c16 {
  display: -webkit-box;
  display: -webkit-flex;
  display: -ms-flexbox;
  display: flex;
  box-sizing: border-box;
  max-width: 100%;
  min-width: 0;
  min-height: 0;
  -webkit-flex-direction: column;
  -ms-flex-direction: column;
  flex-direction: column;
  padding-top: 24px;
  padding-bottom: 24px;
}

.c17 {
  display: -webkit-box;
  display: -webkit-flex;
  display: -ms-flexbox;
  display: flex;
  box-sizing: border-box;
  max-width: 100%;
  -webkit-align-items: flex-start;
  -webkit-box-align: flex-start;
  -ms-flex-align: flex-start;
  align-items: flex-start;
  min-width: 0;
  min-height: 0;
  -webkit-flex-direction: column;
  -ms-flex-direction: column;
  flex-direction: column;
}

.c20 {
  display: -webkit-box;
  display: -webkit-flex;
  display: -ms-flexbox;
  display: flex;
  box-sizing: border-box;
  max-width: 100%;
  margin-bottom: 48px;
  -webkit-align-items: center;
  -webkit-box-align: center;
  -ms-flex-align: center;
  align-items: center;
  min-width: 0;
  min-height: 0;
  -webkit-flex-direction: column;
  -ms-flex-direction: column;
  flex-direction: column;
}

.c3 {
  font-size: 18px;
  line-height: 24px;
  text-align: center;
}

.c14 {
  font-size: 14px;
  line-height: 20px;
  font-weight: bolder;
}

.c15 {
  margin-left: 3px;
  font-size: 12px;
  line-height: 18px;
  color: lightText;
  font-weight: 600;
}

.c12 {
  display: inline-block;
  box-sizing: border-box;
  cursor: pointer;
  font: inherit;
  -webkit-text-decoration: none;
  text-decoration: none;
  margin: 0;
  background: transparent;
  overflow: visible;
  text-transform: none;
  color: inherit;
  outline: none;
  border: none;
  padding: 0;
  text-align: inherit;
}

.c12:focus {
  outline: none;
  box-shadow: 0 0 2px 2px #6FFFB0;
}

.c12:focus > circle,
.c12:focus > ellipse,
.c12:focus > line,
.c12:focus > path,
.c12:focus > polygon,
.c12:focus > polyline,
.c12:focus > rect {
  outline: none;
  box-shadow: 0 0 2px 2px #6FFFB0;
}

.c12:focus::-moz-focus-inner {
  border: 0;
}

.c12:focus:not(:focus-visible) {
  outline: none;
  box-shadow: none;
}

.c12:focus:not(:focus-visible) > circle,.c12:focus:not(:focus-visible) > ellipse,
.c12:focus:not(:focus-visible) > line,.c12:focus:not(:focus-visible) > path,
.c12:focus:not(:focus-visible) > polygon,.c12:focus:not(:focus-visible) > polyline,
.c12:focus:not(:focus-visible) > rect {
  outline: none;
  box-shadow: none;
}

.c12:focus:not(:focus-visible)::-moz-focus-inner {
  border: 0;
}

.c18 {
  display: inline-block;
  box-sizing: border-box;
  cursor: pointer;
  font: inherit;
  -webkit-text-decoration: none;
  text-decoration: none;
  margin: 0;
  background: transparent;
  overflow: visible;
  text-transform: none;
  margin-bottom: 24px;
  border: 2px solid #7D4CDB;
  border-radius: 18px;
  color: #444444;
  padding: 4px 20px;
  font-size: 14px;
  line-height: 20px;
  -webkit-transition-property: color,background-color,border-color,box-shadow;
  transition-property: color,background-color,border-color,box-shadow;
  -webkit-transition-duration: 0.1s;
  transition-duration: 0.1s;
  -webkit-transition-timing-function: ease-in-out;
  transition-timing-function: ease-in-out;
}

.c18:hover {
  box-shadow: 0px 0px 0px 2px #7D4CDB;
}

.c18:focus {
  outline: none;
  box-shadow: 0 0 2px 2px #6FFFB0;
}

.c18:focus > circle,
.c18:focus > ellipse,
.c18:focus > line,
.c18:focus > path,
.c18:focus > polygon,
.c18:focus > polyline,
.c18:focus > rect {
  outline: none;
  box-shadow: 0 0 2px 2px #6FFFB0;
}

.c18:focus::-moz-focus-inner {
  border: 0;
}

.c18:focus:not(:focus-visible) {
  outline: none;
  box-shadow: none;
}

.c18:focus:not(:focus-visible) > circle,.c18:focus:not(:focus-visible) > ellipse,
.c18:focus:not(:focus-visible) > line,.c18:focus:not(:focus-visible) > path,
.c18:focus:not(:focus-visible) > polygon,.c18:focus:not(:focus-visible) > polyline,
.c18:focus:not(:focus-visible) > rect {
  outline: none;
  box-shadow: none;
}

.c18:focus:not(:focus-visible)::-moz-focus-inner {
  border: 0;
}

.c21 {
  display: inline-block;
  box-sizing: border-box;
  cursor: pointer;
  font: inherit;
  -webkit-text-decoration: none;
  text-decoration: none;
  margin: 0;
  background: transparent;
  overflow: visible;
  text-transform: none;
  border: 2px solid #7D4CDB;
  border-radius: 18px;
  color: #444444;
  padding: 4px 22px;
  font-size: 18px;
  line-height: 24px;
  background-color: #7D4CDB;
  color: #f8f8f8;
  border-radius: 18px;
  -webkit-transition-property: color,background-color,border-color,box-shadow;
  transition-property: color,background-color,border-color,box-shadow;
  -webkit-transition-duration: 0.1s;
  transition-duration: 0.1s;
  -webkit-transition-timing-function: ease-in-out;
  transition-timing-function: ease-in-out;
  width: 100%;
}

.c21:hover {
  box-shadow: 0px 0px 0px 2px #7D4CDB;
}

.c21:focus {
  outline: none;
  box-shadow: 0 0 2px 2px #6FFFB0;
}

.c21:focus > circle,
.c21:focus > ellipse,
.c21:focus > line,
.c21:focus > path,
.c21:focus > polygon,
.c21:focus > polyline,
.c21:focus > rect {
  outline: none;
  box-shadow: 0 0 2px 2px #6FFFB0;
}

.c21:focus::-moz-focus-inner {
  border: 0;
}

.c21:focus:not(:focus-visible) {
  outline: none;
  box-shadow: none;
}

.c21:focus:not(:focus-visible) > circle,.c21:focus:not(:focus-visible) > ellipse,
.c21:focus:not(:focus-visible) > line,.c21:focus:not(:focus-visible) > path,
.c21:focus:not(:focus-visible) > polygon,.c21:focus:not(:focus-visible) > polyline,
.c21:focus:not(:focus-visible) > rect {
  outline: none;
  box-shadow: none;
}

.c21:focus:not(:focus-visible)::-moz-focus-inner {
  border: 0;
}

.c19 {
  -webkit-transition: max-height 200ms,opacity 200ms;
  transition: max-height 200ms,opacity 200ms;
  opacity: 0;
  overflow: hidden;
}

.c1 {
  margin-bottom: 48px;
  font-size: 26px;
  line-height: 32px;
  max-width: 624px;
  font-weight: 600;
  overflow-wrap: break-word;
}

.c10 {
  box-sizing: border-box;
  font-size: inherit;
  font-family: inherit;
  border: none;
  -webkit-appearance: none;
  background: transparent;
  color: inherit;
  width: 100%;
  padding: 11px;
  font-weight: 600;
  margin: 0;
  border: 1px solid rgba(0,0,0,0.33);
  border-radius: 4px;
  outline: none;
  border: none;
}

.c10::-webkit-input-placeholder {
  color: #AAAAAA;
}

.c10::-moz-placeholder {
  color: #AAAAAA;
}

.c10:-ms-input-placeholder {
  color: #AAAAAA;
}

.c10::-webkit-search-decoration {
  -webkit-appearance: none;
}

.c10::-moz-focus-inner {
  border: none;
  outline: none;
}

.c10:-moz-placeholder,
.c10::-moz-placeholder {
  opacity: 1;
}

.c9 {
  position: relative;
  width: 100%;
}

@media only screen and (max-width:768px) {
  .c2 {
    margin-bottom: 24px;
  }
}

@media only screen and (max-width:768px) {
  .c5 {
    margin-bottom: 12px;
  }
}

@media only screen and (max-width:768px) {
  .c6 {
    margin-bottom: 6px;
  }
}

@media only screen and (max-width:768px) {
  .c7 {
    margin: 0px;
  }
}

@media only screen and (max-width:768px) {
  .c8 {
    border-bottom: solid 1px rgba(0,0,0,0.33);
  }
}

@media only screen and (max-width:768px) {
  .c16 {
    padding-top: 12px;
    padding-bottom: 12px;
  }
}

@media only screen and (max-width:768px) {
  .c20 {
    margin-bottom: 24px;
  }
}

@media only screen and (max-width:768px) {
  .c1 {
    margin-bottom: 24px;
  }
}

@media only screen and (max-width:768px) {
  .c1 {
    font-size: 18px;
    line-height: 24px;
    max-width: 432px;
  }
}

<div>
  <div
    class="c0"
  >
    <h3
      class="c1"
    >
      Deposit to ParaTime
    </h3>
    <div
      class="c2"
      style="max-width: 550px;"
    >
      <span
        class="c3"
        data-testid="paraTime-content-description"
      >
        Please enter the amount of ROSE tokens you wish to transfer to the receiving wallet on the 
        <strong>
          Cipher
        </strong>
          ParaTime and then click "Next"
      </span>
    </div>
    <div
      class="c4"
    >
      <div
        class="c5"
      >
        <form
          novalidate=""
        >
          <div
            class="c6"
          >
            <div
              class="c7"
              style="position: relative;"
            >
              <div
                class="c6 "
                style="width: 100%;"
              >
                <div
                  class="c8 "
                >
                  <div
                    class="c9"
                  >
                    <input
                      autocomplete="off"
                      class="c10"
                      inputmode="decimal"
                      name="amount"
                      placeholder="0"
                      value=""
                    />
                  </div>
                </div>
              </div>
              <div
                class="c11"
                style="font-weight: bold; z-index: 2; position: absolute; top: 15px; right: 0px;"
              >
                <button
                  class="c12"
                  type="button"
                >
                  MAX
                </button>
              </div>
            </div>
            <div
              class="c13"
            >
              <span
                class="c14"
              >
                Available:
                 
                <span>
                  1.0
                  <span
                    class="c15"
                  />
                </span>
              </span>
            </div>
          </div>
          <div
            class="c16"
          >
            <div
              class="c17"
            >
              <button
                class="c18"
                type="button"
              >
                Advanced
              </button>
            </div>
            <div
              aria-hidden="true"
              class="c11 c19"
            />
          </div>
          <div
            class="c20"
          >
            <div
              class="c5"
            >
              <button
                class="c21"
                type="submit"
              >
                Next
              </button>
            </div>
          </div>
        </form>
      </div>
    </div>
  </div>
</div>
`;
